{
  "version": "1.5.0",
  "plugins_used": [
    {
      "name": "ArtifactoryDetector"
    },
    {
      "name": "AWSKeyDetector"
    },
    {
      "name": "AzureStorageKeyDetector"
    },
    {
      "name": "Base64HighEntropyString",
      "limit": 4.5
    },
    {
      "name": "BasicAuthDetector"
    },
    {
      "name": "CloudantDetector"
    },
    {
      "name": "DiscordBotTokenDetector"
    },
    {
      "name": "GitHubTokenDetector"
    },
    {
      "name": "GitLabTokenDetector"
    },
    {
      "name": "HexHighEntropyString",
      "limit": 3.0
    },
    {
      "name": "IbmCloudIamDetector"
    },
    {
      "name": "IbmCosHmacDetector"
    },
    {
      "name": "IPPublicDetector"
    },
    {
      "name": "JwtTokenDetector"
    },
    {
      "name": "KeywordDetector",
      "keyword_exclude": ""
    },
    {
      "name": "MailchimpDetector"
    },
    {
      "name": "NpmDetector"
    },
    {
      "name": "OpenAIDetector"
    },
    {
      "name": "PrivateKeyDetector"
    },
    {
      "name": "PypiTokenDetector"
    },
    {
      "name": "SendGridDetector"
    },
    {
      "name": "SlackDetector"
    },
    {
      "name": "SoftlayerDetector"
    },
    {
      "name": "SquareOAuthDetector"
    },
    {
      "name": "StripeDetector"
    },
    {
      "name": "TelegramBotTokenDetector"
    },
    {
      "name": "TwilioKeyDetector"
    }
  ],
  "filters_used": [
    {
      "path": "detect_secrets.filters.allowlist.is_line_allowlisted"
    },
    {
      "path": "detect_secrets.filters.common.is_ignored_due_to_verification_policies",
      "min_level": 2
    },
    {
      "path": "detect_secrets.filters.heuristic.is_indirect_reference"
    },
    {
      "path": "detect_secrets.filters.heuristic.is_likely_id_string"
    },
    {
      "path": "detect_secrets.filters.heuristic.is_lock_file"
    },
    {
      "path": "detect_secrets.filters.heuristic.is_not_alphanumeric_string"
    },
    {
      "path": "detect_secrets.filters.heuristic.is_potential_uuid"
    },
    {
      "path": "detect_secrets.filters.heuristic.is_prefixed_with_dollar_sign"
    },
    {
      "path": "detect_secrets.filters.heuristic.is_sequential_string"
    },
    {
      "path": "detect_secrets.filters.heuristic.is_swagger_file"
    },
    {
      "path": "detect_secrets.filters.heuristic.is_templated_secret"
    }
  ],
  "results": {
    "README.md": [
      {
        "type": "Secret Keyword",
        "filename": "README.md",
        "hashed_secret": "1e7438acc9c3ede35dde75fb510a952f94b47c9a",
        "is_verified": false,
        "line_number": 67
      }
    ],
    "cmd/widescreen-research-mcp/README.md": [
      {
        "type": "Secret Keyword",
        "filename": "cmd/widescreen-research-mcp/README.md",
        "hashed_secret": "e9b873ad5aecb98c642da9ad00e5c485b7c5fce5",
        "is_verified": false,
        "line_number": 59
      }
    ],
    "drone-mcp-template/node_modules/.package-lock.json": [
      {
        "type": "Base64 High Entropy String",
        "filename": "drone-mcp-template/node_modules/.package-lock.json",
        "hashed_secret": "95d4b6599863decc44a9cee0cf355d2d38274774",
        "is_verified": false,
        "line_number": 10
      },
      {
        "type": "Base64 High Entropy String",
        "filename": "drone-mcp-template/node_modules/.package-lock.json",
        "hashed_secret": "2a5c1a897332b7652d1daeb248e27b29123ca884",
        "is_verified": false,
        "line_number": 29
      },
      {
        "type": "Base64 High Entropy String",
        "filename": "drone-mcp-template/node_modules/.package-lock.json",
        "hashed_secret": "8020bacb068c6b5395bb2c1fb628ac443f630bd1",
        "is_verified": false,
        "line_number": 42
      },
      {
        "type": "Base64 High Entropy String",
        "filename": "drone-mcp-template/node_modules/.package-lock.json",
        "hashed_secret": "f3506a8fbf0c8cc209f80907d69ab10c5d80a580",
        "is_verified": false,
        "line_number": 52
      },
      {
        "type": "Base64 High Entropy String",
        "filename": "drone-mcp-template/node_modules/.package-lock.json",
        "hashed_secret": "dba40d086c90c06f5087c18fe460e5a0d77bf9b7",
        "is_verified": false,
        "line_number": 67
      },
      {
        "type": "Base64 High Entropy String",
        "filename": "drone-mcp-template/node_modules/.package-lock.json",
        "hashed_secret": "9894c238dfb9508301b23153f8987016cbd4ca8c",
        "is_verified": false,
        "line_number": 77
      },
      {
        "type": "Base64 High Entropy String",
        "filename": "drone-mcp-template/node_modules/.package-lock.json",
        "hashed_secret": "7e4e4ad32bcb306a8bd06c1389dd92eb445f7d8f",
        "is_verified": false,
        "line_number": 90
      },
      {
        "type": "Base64 High Entropy String",
        "filename": "drone-mcp-template/node_modules/.package-lock.json",
        "hashed_secret": "8c124d84b03df5150fb1a0dded2f774468975e02",
        "is_verified": false,
        "line_number": 114
      },
      {
        "type": "Base64 High Entropy String",
        "filename": "drone-mcp-template/node_modules/.package-lock.json",
        "hashed_secret": "fa33ce1f1f2b8288b39378c0f919a83f53e512a2",
        "is_verified": false,
        "line_number": 127
      },
      {
        "type": "Base64 High Entropy String",
        "filename": "drone-mcp-template/node_modules/.package-lock.json",
        "hashed_secret": "a3c461a66c2990099386695829a0b641751c635f",
        "is_verified": false,
        "line_number": 137
      },
      {
        "type": "Base64 High Entropy String",
        "filename": "drone-mcp-template/node_modules/.package-lock.json",
        "hashed_secret": "480e746b8279a6fb10e1f99654332b595e81ef58",
        "is_verified": false,
        "line_number": 151
      },
      {
        "type": "Base64 High Entropy String",
        "filename": "drone-mcp-template/node_modules/.package-lock.json",
        "hashed_secret": "67126472f7b97083d826938ba1d880a732aa202e",
        "is_verified": false,
        "line_number": 161
      },
      {
        "type": "Base64 High Entropy String",
        "filename": "drone-mcp-template/node_modules/.package-lock.json",
        "hashed_secret": "28b5ec6bdc8066a2a193604c5ec55375906948bd",
        "is_verified": false,
        "line_number": 175
      },
      {
        "type": "Base64 High Entropy String",
        "filename": "drone-mcp-template/node_modules/.package-lock.json",
        "hashed_secret": "d2162ede46b32d726584142e374458026c95c209",
        "is_verified": false,
        "line_number": 189
      },
      {
        "type": "Base64 High Entropy String",
        "filename": "drone-mcp-template/node_modules/.package-lock.json",
        "hashed_secret": "7252305e0579e7dd1ebf234edb891484f3ac7a71",
        "is_verified": false,
        "line_number": 203
      },
      {
        "type": "Base64 High Entropy String",
        "filename": "drone-mcp-template/node_modules/.package-lock.json",
        "hashed_secret": "b62ae999218390b924a5304938e497fd61ec4e66",
        "is_verified": false,
        "line_number": 217
      },
      {
        "type": "Base64 High Entropy String",
        "filename": "drone-mcp-template/node_modules/.package-lock.json",
        "hashed_secret": "cdfb0e74d920a86326e559b6536738af9abaa3db",
        "is_verified": false,
        "line_number": 235
      },
      {
        "type": "Base64 High Entropy String",
        "filename": "drone-mcp-template/node_modules/.package-lock.json",
        "hashed_secret": "99b14aac05b7b07209092247e79b485cb96bf5d7",
        "is_verified": false,
        "line_number": 257
      },
      {
        "type": "Base64 High Entropy String",
        "filename": "drone-mcp-template/node_modules/.package-lock.json",
        "hashed_secret": "26e19f9219cce85913aa8d3fff98f19d12e15345",
        "is_verified": false,
        "line_number": 270
      },
      {
        "type": "Base64 High Entropy String",
        "filename": "drone-mcp-template/node_modules/.package-lock.json",
        "hashed_secret": "be9f24635e32f68141a9ae50e377a146bdc3fda5",
        "is_verified": false,
        "line_number": 280
      },
      {
        "type": "Base64 High Entropy String",
        "filename": "drone-mcp-template/node_modules/.package-lock.json",
        "hashed_secret": "b795643cd8b489fe2182cb08168dcda2f06cd68c",
        "is_verified": false,
        "line_number": 291
      },
      {
        "type": "Base64 High Entropy String",
        "filename": "drone-mcp-template/node_modules/.package-lock.json",
        "hashed_secret": "545a34d82a69ee367dc06267bd30705fc686e387",
        "is_verified": false,
        "line_number": 298
      },
      {
        "type": "Base64 High Entropy String",
        "filename": "drone-mcp-template/node_modules/.package-lock.json",
        "hashed_secret": "1bc86f4c1e696bf43eed909077366b45e99b3ea2",
        "is_verified": false,
        "line_number": 305
      },
      {
        "type": "Base64 High Entropy String",
        "filename": "drone-mcp-template/node_modules/.package-lock.json",
        "hashed_secret": "56de3a375c379dc4da44d92b348ec0d38b99fe05",
        "is_verified": false,
        "line_number": 318
      },
      {
        "type": "Base64 High Entropy String",
        "filename": "drone-mcp-template/node_modules/.package-lock.json",
        "hashed_secret": "2f582518a7d025e7efbc4ef2cf8cc5cf9487b200",
        "is_verified": false,
        "line_number": 331
      },
      {
        "type": "Base64 High Entropy String",
        "filename": "drone-mcp-template/node_modules/.package-lock.json",
        "hashed_secret": "d845171ffe8db9877c1fe25505c955fb8eba8057",
        "is_verified": false,
        "line_number": 341
      },
      {
        "type": "Base64 High Entropy String",
        "filename": "drone-mcp-template/node_modules/.package-lock.json",
        "hashed_secret": "0c7f66893fe508baed443a4aad6003315428df3b",
        "is_verified": false,
        "line_number": 350
      },
      {
        "type": "Base64 High Entropy String",
        "filename": "drone-mcp-template/node_modules/.package-lock.json",
        "hashed_secret": "5cf5cffaf791e9c3efd3e28c76c335d69df09aa2",
        "is_verified": false,
        "line_number": 366
      },
      {
        "type": "Base64 High Entropy String",
        "filename": "drone-mcp-template/node_modules/.package-lock.json",
        "hashed_secret": "d15b82853a984c45aab87399878c98082bac85ba",
        "is_verified": false,
        "line_number": 379
      },
      {
        "type": "Base64 High Entropy String",
        "filename": "drone-mcp-template/node_modules/.package-lock.json",
        "hashed_secret": "69508e9f25ead6b12c7a762c93b2a5b9cb587d60",
        "is_verified": false,
        "line_number": 395
      },
      {
        "type": "Base64 High Entropy String",
        "filename": "drone-mcp-template/node_modules/.package-lock.json",
        "hashed_secret": "22bd0abeadedbe4ac89a1415cff3788f50a4dc48",
        "is_verified": false,
        "line_number": 409
      },
      {
        "type": "Base64 High Entropy String",
        "filename": "drone-mcp-template/node_modules/.package-lock.json",
        "hashed_secret": "05c54c6141410be0e5efa106b46ebfd2513d9e92",
        "is_verified": false,
        "line_number": 416
      },
      {
        "type": "Base64 High Entropy String",
        "filename": "drone-mcp-template/node_modules/.package-lock.json",
        "hashed_secret": "599395997c127ee79a03df8cbc9c57d9c5c4b39b",
        "is_verified": false,
        "line_number": 423
      },
      {
        "type": "Base64 High Entropy String",
        "filename": "drone-mcp-template/node_modules/.package-lock.json",
        "hashed_secret": "6f5c4f8389922a6637a0b4fdb837095b494c0bfb",
        "is_verified": false,
        "line_number": 429
      },
      {
        "type": "Base64 High Entropy String",
        "filename": "drone-mcp-template/node_modules/.package-lock.json",
        "hashed_secret": "1e7596c830ce11db725e364bf63ae223105ca7cb",
        "is_verified": false,
        "line_number": 438
      },
      {
        "type": "Base64 High Entropy String",
        "filename": "drone-mcp-template/node_modules/.package-lock.json",
        "hashed_secret": "5b7cd7946ca5e56496386ea38016606310bfcf03",
        "is_verified": false,
        "line_number": 449
      },
      {
        "type": "Base64 High Entropy String",
        "filename": "drone-mcp-template/node_modules/.package-lock.json",
        "hashed_secret": "7bb507ba2f47095177b03051a6340091be5871b2",
        "is_verified": false,
        "line_number": 456
      },
      {
        "type": "Base64 High Entropy String",
        "filename": "drone-mcp-template/node_modules/.package-lock.json",
        "hashed_secret": "0db90feab3ca024a6e7a9c78daeb23013fb1cea1",
        "is_verified": false,
        "line_number": 476
      },
      {
        "type": "Base64 High Entropy String",
        "filename": "drone-mcp-template/node_modules/.package-lock.json",
        "hashed_secret": "6218cfe8ba1d7ca732ab6609d9fac82f424d34db",
        "is_verified": false,
        "line_number": 485
      },
      {
        "type": "Base64 High Entropy String",
        "filename": "drone-mcp-template/node_modules/.package-lock.json",
        "hashed_secret": "7adf605c3f70f2802f4b37a5f301d4ba581766d2",
        "is_verified": false,
        "line_number": 498
      },
      {
        "type": "Base64 High Entropy String",
        "filename": "drone-mcp-template/node_modules/.package-lock.json",
        "hashed_secret": "3aafb400e42871c4a994eba8013e4ff1034c2724",
        "is_verified": false,
        "line_number": 518
      },
      {
        "type": "Base64 High Entropy String",
        "filename": "drone-mcp-template/node_modules/.package-lock.json",
        "hashed_secret": "4cd454d960136b7b4f74cca3c12010ff2ebd7663",
        "is_verified": false,
        "line_number": 529
      },
      {
        "type": "Base64 High Entropy String",
        "filename": "drone-mcp-template/node_modules/.package-lock.json",
        "hashed_secret": "f7c71d8da72d650036ab8a5dc50df05fe99976e9",
        "is_verified": false,
        "line_number": 542
      },
      {
        "type": "Base64 High Entropy String",
        "filename": "drone-mcp-template/node_modules/.package-lock.json",
        "hashed_secret": "2abb3ba0232020c34e3de298cae86210b26cac1a",
        "is_verified": false,
        "line_number": 549
      },
      {
        "type": "Base64 High Entropy String",
        "filename": "drone-mcp-template/node_modules/.package-lock.json",
        "hashed_secret": "c61921cb03b0d17c9d180fa6d2d765269458f5e9",
        "is_verified": false,
        "line_number": 555
      },
      {
        "type": "Base64 High Entropy String",
        "filename": "drone-mcp-template/node_modules/.package-lock.json",
        "hashed_secret": "09ce1f68022d542bd4b111b2e648b4261e7ea537",
        "is_verified": false,
        "line_number": 564
      },
      {
        "type": "Base64 High Entropy String",
        "filename": "drone-mcp-template/node_modules/.package-lock.json",
        "hashed_secret": "f4713ff6d6ebe4c91eabb4abaa4fff79252287e2",
        "is_verified": false,
        "line_number": 577
      },
      {
        "type": "Base64 High Entropy String",
        "filename": "drone-mcp-template/node_modules/.package-lock.json",
        "hashed_secret": "7e0c8e7bebd3b26c7a99961ec3498c0448dcb08d",
        "is_verified": false,
        "line_number": 593
      },
      {
        "type": "Base64 High Entropy String",
        "filename": "drone-mcp-template/node_modules/.package-lock.json",
        "hashed_secret": "6791035095fb16620100008d8bd175f89259e13f",
        "is_verified": false,
        "line_number": 603
      },
      {
        "type": "Base64 High Entropy String",
        "filename": "drone-mcp-template/node_modules/.package-lock.json",
        "hashed_secret": "5e5e944819f9ed1defbf3b9cf387214fb2f04d61",
        "is_verified": false,
        "line_number": 616
      },
      {
        "type": "Base64 High Entropy String",
        "filename": "drone-mcp-template/node_modules/.package-lock.json",
        "hashed_secret": "8ff61e34bccd3c9f85c8a24db9723d984fd74314",
        "is_verified": false,
        "line_number": 633
      },
      {
        "type": "Base64 High Entropy String",
        "filename": "drone-mcp-template/node_modules/.package-lock.json",
        "hashed_secret": "43e69c85090264b5501c0964aaa3d048ee08fd37",
        "is_verified": false,
        "line_number": 649
      },
      {
        "type": "Base64 High Entropy String",
        "filename": "drone-mcp-template/node_modules/.package-lock.json",
        "hashed_secret": "35ca90e5fa9b87427a5ff8b3f333a7b7d45fc260",
        "is_verified": false,
        "line_number": 664
      },
      {
        "type": "Base64 High Entropy String",
        "filename": "drone-mcp-template/node_modules/.package-lock.json",
        "hashed_secret": "fc7b2f07f919c3f8e20aa78a1756d2bcca252fb9",
        "is_verified": false,
        "line_number": 674
      },
      {
        "type": "Base64 High Entropy String",
        "filename": "drone-mcp-template/node_modules/.package-lock.json",
        "hashed_secret": "bdaf8b094715fef6fc9d26c411bc0f51e1f4d6bd",
        "is_verified": false,
        "line_number": 681
      },
      {
        "type": "Base64 High Entropy String",
        "filename": "drone-mcp-template/node_modules/.package-lock.json",
        "hashed_secret": "4c8a960439864672cef22edf28a40c8a3749ed68",
        "is_verified": false,
        "line_number": 696
      },
      {
        "type": "Base64 High Entropy String",
        "filename": "drone-mcp-template/node_modules/.package-lock.json",
        "hashed_secret": "47f61db9968d9147373f9919fb2d39f044af96d4",
        "is_verified": false,
        "line_number": 709
      },
      {
        "type": "Base64 High Entropy String",
        "filename": "drone-mcp-template/node_modules/.package-lock.json",
        "hashed_secret": "4ed49acfbd180533265d2099f3043963c4a24443",
        "is_verified": false,
        "line_number": 727
      },
      {
        "type": "Base64 High Entropy String",
        "filename": "drone-mcp-template/node_modules/.package-lock.json",
        "hashed_secret": "428e72f71455a785963f1df5f85c26c6d6ae519b",
        "is_verified": false,
        "line_number": 740
      },
      {
        "type": "Base64 High Entropy String",
        "filename": "drone-mcp-template/node_modules/.package-lock.json",
        "hashed_secret": "83307cb75a4a44ba528f4a0aefcec2a8018dc6d8",
        "is_verified": false,
        "line_number": 747
      },
      {
        "type": "Base64 High Entropy String",
        "filename": "drone-mcp-template/node_modules/.package-lock.json",
        "hashed_secret": "4b6b39246afa0c81190f14a1a5bbe01bc943efaa",
        "is_verified": false,
        "line_number": 759
      },
      {
        "type": "Base64 High Entropy String",
        "filename": "drone-mcp-template/node_modules/.package-lock.json",
        "hashed_secret": "98da97093cff2b0693b2f8ccc5b7e74758ae9f3e",
        "is_verified": false,
        "line_number": 769
      },
      {
        "type": "Base64 High Entropy String",
        "filename": "drone-mcp-template/node_modules/.package-lock.json",
        "hashed_secret": "bdc819836e29a892387267f60e39d0cc84afa5e4",
        "is_verified": false,
        "line_number": 776
      },
      {
        "type": "Base64 High Entropy String",
        "filename": "drone-mcp-template/node_modules/.package-lock.json",
        "hashed_secret": "7f104c1c37e525afe159a7b26fe2782992e9c896",
        "is_verified": false,
        "line_number": 788
      },
      {
        "type": "Base64 High Entropy String",
        "filename": "drone-mcp-template/node_modules/.package-lock.json",
        "hashed_secret": "42cd07a10482e3b99b503ffc28f3e76e8dd1649c",
        "is_verified": false,
        "line_number": 797
      },
      {
        "type": "Base64 High Entropy String",
        "filename": "drone-mcp-template/node_modules/.package-lock.json",
        "hashed_secret": "a3d7b706688979352d6fcec45453248e46def143",
        "is_verified": false,
        "line_number": 806
      },
      {
        "type": "Base64 High Entropy String",
        "filename": "drone-mcp-template/node_modules/.package-lock.json",
        "hashed_secret": "dfcf233d48cab16145129c82622d2ffbddfc9902",
        "is_verified": false,
        "line_number": 815
      },
      {
        "type": "Base64 High Entropy String",
        "filename": "drone-mcp-template/node_modules/.package-lock.json",
        "hashed_secret": "dac0640634507d1e51d1abb71fad3023e8efe72c",
        "is_verified": false,
        "line_number": 822
      },
      {
        "type": "Base64 High Entropy String",
        "filename": "drone-mcp-template/node_modules/.package-lock.json",
        "hashed_secret": "862951cd71d0412b5e52bae3e952725486a655b0",
        "is_verified": false,
        "line_number": 835
      },
      {
        "type": "Base64 High Entropy String",
        "filename": "drone-mcp-template/node_modules/.package-lock.json",
        "hashed_secret": "efde2de89be9751c3f5ba6eef72ec684690ba3aa",
        "is_verified": false,
        "line_number": 849
      },
      {
        "type": "Base64 High Entropy String",
        "filename": "drone-mcp-template/node_modules/.package-lock.json",
        "hashed_secret": "60d53af452a0b65bbe4c4584dd41b3e60cd6adb5",
        "is_verified": false,
        "line_number": 866
      },
      {
        "type": "Base64 High Entropy String",
        "filename": "drone-mcp-template/node_modules/.package-lock.json",
        "hashed_secret": "b0f6a9f09dd8a0ebc50e6d4a7a81e126cd64ac6a",
        "is_verified": false,
        "line_number": 879
      },
      {
        "type": "Base64 High Entropy String",
        "filename": "drone-mcp-template/node_modules/.package-lock.json",
        "hashed_secret": "6263b491d8e05bc0d6bc8b232c3a06044db2232c",
        "is_verified": false,
        "line_number": 886
      },
      {
        "type": "Base64 High Entropy String",
        "filename": "drone-mcp-template/node_modules/.package-lock.json",
        "hashed_secret": "c5deff9c59d0e0419952da44431546620804d70e",
        "is_verified": false,
        "line_number": 895
      },
      {
        "type": "Base64 High Entropy String",
        "filename": "drone-mcp-template/node_modules/.package-lock.json",
        "hashed_secret": "6659448592d316928a8473b2f9f1754b5a193ac0",
        "is_verified": false,
        "line_number": 904
      },
      {
        "type": "Base64 High Entropy String",
        "filename": "drone-mcp-template/node_modules/.package-lock.json",
        "hashed_secret": "0e5e5160654f957e0268e781a5df55cfe7933811",
        "is_verified": false,
        "line_number": 915
      },
      {
        "type": "Base64 High Entropy String",
        "filename": "drone-mcp-template/node_modules/.package-lock.json",
        "hashed_secret": "d1fcdfa70ace980abadefc8b225930436425a054",
        "is_verified": false,
        "line_number": 925
      },
      {
        "type": "Base64 High Entropy String",
        "filename": "drone-mcp-template/node_modules/.package-lock.json",
        "hashed_secret": "79119667cecad09809c34832b1f2b650b5ccded7",
        "is_verified": false,
        "line_number": 937
      },
      {
        "type": "Base64 High Entropy String",
        "filename": "drone-mcp-template/node_modules/.package-lock.json",
        "hashed_secret": "da3e732bacfbc1b6e5ac2ec23fd153c53622b4bf",
        "is_verified": false,
        "line_number": 951
      },
      {
        "type": "Base64 High Entropy String",
        "filename": "drone-mcp-template/node_modules/.package-lock.json",
        "hashed_secret": "4275b7ec9188f3fadc0ccb0c42032f17310199b3",
        "is_verified": false,
        "line_number": 958
      },
      {
        "type": "Base64 High Entropy String",
        "filename": "drone-mcp-template/node_modules/.package-lock.json",
        "hashed_secret": "4d50b55900617c8d08097c03af9667c135c1fc24",
        "is_verified": false,
        "line_number": 967
      },
      {
        "type": "Base64 High Entropy String",
        "filename": "drone-mcp-template/node_modules/.package-lock.json",
        "hashed_secret": "b3e321bc2eec51aaeb743b17220649f3d43443bf",
        "is_verified": false,
        "line_number": 973
      },
      {
        "type": "Base64 High Entropy String",
        "filename": "drone-mcp-template/node_modules/.package-lock.json",
        "hashed_secret": "2a0c5c01be780688ae4faf4a3e1cb6e48c50dc23",
        "is_verified": false,
        "line_number": 980
      },
      {
        "type": "Base64 High Entropy String",
        "filename": "drone-mcp-template/node_modules/.package-lock.json",
        "hashed_secret": "6d1db030d72c8b03fd95eaeb0266255402f70df5",
        "is_verified": false,
        "line_number": 989
      },
      {
        "type": "Base64 High Entropy String",
        "filename": "drone-mcp-template/node_modules/.package-lock.json",
        "hashed_secret": "cf75ddffbc923b32123e91e069fbcb97ac39c4d9",
        "is_verified": false,
        "line_number": 998
      },
      {
        "type": "Base64 High Entropy String",
        "filename": "drone-mcp-template/node_modules/.package-lock.json",
        "hashed_secret": "417a00b911e0b72a50a597cb7c4c70885c55516e",
        "is_verified": false,
        "line_number": 1007
      },
      {
        "type": "Base64 High Entropy String",
        "filename": "drone-mcp-template/node_modules/.package-lock.json",
        "hashed_secret": "e28508e3ee2cfadee43ef9cfb9bb3b5d5d8ef5af",
        "is_verified": false,
        "line_number": 1019
      },
      {
        "type": "Base64 High Entropy String",
        "filename": "drone-mcp-template/node_modules/.package-lock.json",
        "hashed_secret": "3cb8e7a708267691af8530db673cae1ad0578392",
        "is_verified": false,
        "line_number": 1034
      },
      {
        "type": "Base64 High Entropy String",
        "filename": "drone-mcp-template/node_modules/.package-lock.json",
        "hashed_secret": "cc0394ae9ff7278ac1f8ba8305e06627798ae34b",
        "is_verified": false,
        "line_number": 1044
      },
      {
        "type": "Base64 High Entropy String",
        "filename": "drone-mcp-template/node_modules/.package-lock.json",
        "hashed_secret": "6c88ecf20f9dc070ee18f0cf59f58b0025f6ec55",
        "is_verified": false,
        "line_number": 1050
      },
      {
        "type": "Base64 High Entropy String",
        "filename": "drone-mcp-template/node_modules/.package-lock.json",
        "hashed_secret": "5fda5b01134ce08301cb63157f499966c74777e2",
        "is_verified": false,
        "line_number": 1063
      },
      {
        "type": "Base64 High Entropy String",
        "filename": "drone-mcp-template/node_modules/.package-lock.json",
        "hashed_secret": "ef324d7b08a663199efd2132de32f13732c211b3",
        "is_verified": false,
        "line_number": 1124
      },
      {
        "type": "Base64 High Entropy String",
        "filename": "drone-mcp-template/node_modules/.package-lock.json",
        "hashed_secret": "9dcf7442d579143841ad08dbc09ec20ac5e2176f",
        "is_verified": false,
        "line_number": 1137
      },
      {
        "type": "Base64 High Entropy String",
        "filename": "drone-mcp-template/node_modules/.package-lock.json",
        "hashed_secret": "f18236603d8265ac3f2e971c86b70b3980854fd2",
        "is_verified": false,
        "line_number": 1154
      },
      {
        "type": "Base64 High Entropy String",
        "filename": "drone-mcp-template/node_modules/.package-lock.json",
        "hashed_secret": "ce08a225e16b0576220682010f18dac677a14611",
        "is_verified": false,
        "line_number": 1167
      },
      {
        "type": "Base64 High Entropy String",
        "filename": "drone-mcp-template/node_modules/.package-lock.json",
        "hashed_secret": "dec5206f58aa7a9ae27aee17c254c2a8380af599",
        "is_verified": false,
        "line_number": 1185
      },
      {
        "type": "Base64 High Entropy String",
        "filename": "drone-mcp-template/node_modules/.package-lock.json",
        "hashed_secret": "51e9263c74493cd77c2d25adb255b15647d84512",
        "is_verified": false,
        "line_number": 1198
      },
      {
        "type": "Base64 High Entropy String",
        "filename": "drone-mcp-template/node_modules/.package-lock.json",
        "hashed_secret": "1790c1f42e3416e31561c46b258d2f69c1608c85",
        "is_verified": false,
        "line_number": 1211
      },
      {
        "type": "Base64 High Entropy String",
        "filename": "drone-mcp-template/node_modules/.package-lock.json",
        "hashed_secret": "2fcbf434b04ba0a49ae29f1d9ea0edc30881350b",
        "is_verified": false,
        "line_number": 1221
      },
      {
        "type": "Base64 High Entropy String",
        "filename": "drone-mcp-template/node_modules/.package-lock.json",
        "hashed_secret": "3b9b4f0e0dc452a1ab51ff9a7e649171b0b54a70",
        "is_verified": false,
        "line_number": 1231
      },
      {
        "type": "Base64 High Entropy String",
        "filename": "drone-mcp-template/node_modules/.package-lock.json",
        "hashed_secret": "401a3bd33bd93a61d4237f76be50d770b75e56d8",
        "is_verified": false,
        "line_number": 1240
      },
      {
        "type": "Base64 High Entropy String",
        "filename": "drone-mcp-template/node_modules/.package-lock.json",
        "hashed_secret": "b0f06a1e2b177c2e3b913888c8c3ba544395b5f8",
        "is_verified": false,
        "line_number": 1252
      },
      {
        "type": "Base64 High Entropy String",
        "filename": "drone-mcp-template/node_modules/.package-lock.json",
        "hashed_secret": "9ecb56f3879654b65fcb2dbd466658fb4d1f706e",
        "is_verified": false,
        "line_number": 1261
      },
      {
        "type": "Base64 High Entropy String",
        "filename": "drone-mcp-template/node_modules/.package-lock.json",
        "hashed_secret": "186f4251a5574f6cf3532258826ad7d14ea3a6f5",
        "is_verified": false,
        "line_number": 1303
      },
      {
        "type": "Base64 High Entropy String",
        "filename": "drone-mcp-template/node_modules/.package-lock.json",
        "hashed_secret": "acce4ef8d841ffa646256da3af7b79ad5cb78158",
        "is_verified": false,
        "line_number": 1318
      },
      {
        "type": "Base64 High Entropy String",
        "filename": "drone-mcp-template/node_modules/.package-lock.json",
        "hashed_secret": "c0f64a532897bbd5497996fdfec7cfcd087540ce",
        "is_verified": false,
        "line_number": 1324
      },
      {
        "type": "Base64 High Entropy String",
        "filename": "drone-mcp-template/node_modules/.package-lock.json",
        "hashed_secret": "fea0d9c5b0c53c41e6a0a961a49cccc170847120",
        "is_verified": false,
        "line_number": 1330
      },
      {
        "type": "Base64 High Entropy String",
        "filename": "drone-mcp-template/node_modules/.package-lock.json",
        "hashed_secret": "283a181bd9971789ceaee59c32a0f93e31a7a2a8",
        "is_verified": false,
        "line_number": 1336
      },
      {
        "type": "Base64 High Entropy String",
        "filename": "drone-mcp-template/node_modules/.package-lock.json",
        "hashed_secret": "f82fd8484b99aad21f2f5397e3212b226fe2f503",
        "is_verified": false,
        "line_number": 1343
      },
      {
        "type": "Base64 High Entropy String",
        "filename": "drone-mcp-template/node_modules/.package-lock.json",
        "hashed_secret": "38a37f53e7403dabad025e1d953382e82ff53762",
        "is_verified": false,
        "line_number": 1352
      },
      {
        "type": "Base64 High Entropy String",
        "filename": "drone-mcp-template/node_modules/.package-lock.json",
        "hashed_secret": "c5b9224d6550ddd6a9d3e700fd0a58360b11ca0d",
        "is_verified": false,
        "line_number": 1359
      },
      {
        "type": "Base64 High Entropy String",
        "filename": "drone-mcp-template/node_modules/.package-lock.json",
        "hashed_secret": "7c235e480345a8563b9b7348d8b568bd51bf3814",
        "is_verified": false,
        "line_number": 1372
      },
      {
        "type": "Base64 High Entropy String",
        "filename": "drone-mcp-template/node_modules/.package-lock.json",
        "hashed_secret": "3c161d5202920f5dc26c4e08b89d0976b94fc64f",
        "is_verified": false,
        "line_number": 1385
      },
      {
        "type": "Base64 High Entropy String",
        "filename": "drone-mcp-template/node_modules/.package-lock.json",
        "hashed_secret": "3594781b38f5d70bb1b747317347cf06b2a0cc01",
        "is_verified": false,
        "line_number": 1402
      },
      {
        "type": "Base64 High Entropy String",
        "filename": "drone-mcp-template/node_modules/.package-lock.json",
        "hashed_secret": "c332747f8870d8e199832a0f07d5a5d606ff752d",
        "is_verified": false,
        "line_number": 1419
      },
      {
        "type": "Base64 High Entropy String",
        "filename": "drone-mcp-template/node_modules/.package-lock.json",
        "hashed_secret": "76332214739a4c7dd7c65873aa473b0b918d47e4",
        "is_verified": false,
        "line_number": 1429
      },
      {
        "type": "Base64 High Entropy String",
        "filename": "drone-mcp-template/node_modules/.package-lock.json",
        "hashed_secret": "935965ba7f384931bf702cbcecb35d13aadfa81a",
        "is_verified": false,
        "line_number": 1443
      },
      {
        "type": "Base64 High Entropy String",
        "filename": "drone-mcp-template/node_modules/.package-lock.json",
        "hashed_secret": "4e2448d2c662d8a7f5a176bf0ce951581675d205",
        "is_verified": false,
        "line_number": 1450
      },
      {
        "type": "Base64 High Entropy String",
        "filename": "drone-mcp-template/node_modules/.package-lock.json",
        "hashed_secret": "3aa0faf721de27687f7be4cc9ed4e61c745e6e44",
        "is_verified": false,
        "line_number": 1470
      },
      {
        "type": "Base64 High Entropy String",
        "filename": "drone-mcp-template/node_modules/.package-lock.json",
        "hashed_secret": "302436ac80733dea347605f4e91ff49e9041728b",
        "is_verified": false,
        "line_number": 1487
      },
      {
        "type": "Base64 High Entropy String",
        "filename": "drone-mcp-template/node_modules/.package-lock.json",
        "hashed_secret": "838abb1331a160bdd441c25a2a2d44332ee8694b",
        "is_verified": false,
        "line_number": 1502
      },
      {
        "type": "Base64 High Entropy String",
        "filename": "drone-mcp-template/node_modules/.package-lock.json",
        "hashed_secret": "e6525dbd438fc8858b0d56c59d164f403792ba1e",
        "is_verified": false,
        "line_number": 1511
      },
      {
        "type": "Base64 High Entropy String",
        "filename": "drone-mcp-template/node_modules/.package-lock.json",
        "hashed_secret": "1dc669061cb80769d5563ad57ce4a4a9ae7547c6",
        "is_verified": false,
        "line_number": 1523
      },
      {
        "type": "Base64 High Entropy String",
        "filename": "drone-mcp-template/node_modules/.package-lock.json",
        "hashed_secret": "dc9a2ba629796d6ef3323496eb952461f964e115",
        "is_verified": false,
        "line_number": 1541
      },
      {
        "type": "Base64 High Entropy String",
        "filename": "drone-mcp-template/node_modules/.package-lock.json",
        "hashed_secret": "371ae1be6e9a6c28e234230c2d27dfcbb4fde3ac",
        "is_verified": false,
        "line_number": 1550
      },
      {
        "type": "Base64 High Entropy String",
        "filename": "drone-mcp-template/node_modules/.package-lock.json",
        "hashed_secret": "d950cd8ef510429f57fb282e4a437321ca86158c",
        "is_verified": false,
        "line_number": 1559
      },
      {
        "type": "Base64 High Entropy String",
        "filename": "drone-mcp-template/node_modules/.package-lock.json",
        "hashed_secret": "e7f54899a1654525fbfb1d8c3ac44d632f655af1",
        "is_verified": false,
        "line_number": 1574
      },
      {
        "type": "Base64 High Entropy String",
        "filename": "drone-mcp-template/node_modules/.package-lock.json",
        "hashed_secret": "fd1bb3a8d6ddf5de6b72cee2800453c432cd8dba",
        "is_verified": false,
        "line_number": 1583
      },
      {
        "type": "Base64 High Entropy String",
        "filename": "drone-mcp-template/node_modules/.package-lock.json",
        "hashed_secret": "db14d9406d96a1070be6cf06cae5bd0e55989123",
        "is_verified": false,
        "line_number": 1599
      },
      {
        "type": "Base64 High Entropy String",
        "filename": "drone-mcp-template/node_modules/.package-lock.json",
        "hashed_secret": "184476d985c0d799b82544165cb4d456129f594c",
        "is_verified": false,
        "line_number": 1613
      },
      {
        "type": "Base64 High Entropy String",
        "filename": "drone-mcp-template/node_modules/.package-lock.json",
        "hashed_secret": "4cd3a1b109eb67acf1557141e83880899d18eaea",
        "is_verified": false,
        "line_number": 1622
      },
      {
        "type": "Base64 High Entropy String",
        "filename": "drone-mcp-template/node_modules/.package-lock.json",
        "hashed_secret": "5a4d96497ba98531c9c36ced1d043fbd8c535eff",
        "is_verified": false,
        "line_number": 1646
      },
      {
        "type": "Base64 High Entropy String",
        "filename": "drone-mcp-template/node_modules/.package-lock.json",
        "hashed_secret": "ccf610151dd8c560eb61b9ef96d18395c2f89499",
        "is_verified": false,
        "line_number": 1659
      },
      {
        "type": "Base64 High Entropy String",
        "filename": "drone-mcp-template/node_modules/.package-lock.json",
        "hashed_secret": "89345a033a4ecac54d56210d7fb9533fddc58490",
        "is_verified": false,
        "line_number": 1680
      },
      {
        "type": "Base64 High Entropy String",
        "filename": "drone-mcp-template/node_modules/.package-lock.json",
        "hashed_secret": "2b980e7108e7ece33457ef483657c24812b587d3",
        "is_verified": false,
        "line_number": 1693
      },
      {
        "type": "Base64 High Entropy String",
        "filename": "drone-mcp-template/node_modules/.package-lock.json",
        "hashed_secret": "b230837c24f19045e3d6c0eb0413db8650788a23",
        "is_verified": false,
        "line_number": 1703
      },
      {
        "type": "Base64 High Entropy String",
        "filename": "drone-mcp-template/node_modules/.package-lock.json",
        "hashed_secret": "043f592ee4062fbb234261a5cb68546115ae8485",
        "is_verified": false,
        "line_number": 1719
      },
      {
        "type": "Base64 High Entropy String",
        "filename": "drone-mcp-template/node_modules/.package-lock.json",
        "hashed_secret": "1eab37aa34d3b9dd1616ccc6903b2c58e076bc80",
        "is_verified": false,
        "line_number": 1732
      },
      {
        "type": "Base64 High Entropy String",
        "filename": "drone-mcp-template/node_modules/.package-lock.json",
        "hashed_secret": "171640f08675e39a9f66623173c99c3e7183eda9",
        "is_verified": false,
        "line_number": 1749
      },
      {
        "type": "Base64 High Entropy String",
        "filename": "drone-mcp-template/node_modules/.package-lock.json",
        "hashed_secret": "979e2a14e4576c62a9748d7466bfa7f4f3a0620d",
        "is_verified": false,
        "line_number": 1758
      },
      {
        "type": "Base64 High Entropy String",
        "filename": "drone-mcp-template/node_modules/.package-lock.json",
        "hashed_secret": "f5cfc99288e485d2dff88dd5f4f1f9e03779a522",
        "is_verified": false,
        "line_number": 1770
      },
      {
        "type": "Base64 High Entropy String",
        "filename": "drone-mcp-template/node_modules/.package-lock.json",
        "hashed_secret": "086b47ff4b09d5daf48fc11a12842df114051a64",
        "is_verified": false,
        "line_number": 1783
      },
      {
        "type": "Base64 High Entropy String",
        "filename": "drone-mcp-template/node_modules/.package-lock.json",
        "hashed_secret": "0d97c7fe1c124e07eb8bba42a86419c083ba0591",
        "is_verified": false,
        "line_number": 1793
      },
      {
        "type": "Base64 High Entropy String",
        "filename": "drone-mcp-template/node_modules/.package-lock.json",
        "hashed_secret": "e07f2c68e0fe6abfac19da4e9dd0c81669de7078",
        "is_verified": false,
        "line_number": 1805
      },
      {
        "type": "Base64 High Entropy String",
        "filename": "drone-mcp-template/node_modules/.package-lock.json",
        "hashed_secret": "f52c08f63289414b8da2ea1271f68c9e1d6338ea",
        "is_verified": false,
        "line_number": 1820
      },
      {
        "type": "Base64 High Entropy String",
        "filename": "drone-mcp-template/node_modules/.package-lock.json",
        "hashed_secret": "5c6f1612652c11273f6dc6ed43f6d3f39a8ee5b7",
        "is_verified": false,
        "line_number": 1832
      },
      {
        "type": "Base64 High Entropy String",
        "filename": "drone-mcp-template/node_modules/.package-lock.json",
        "hashed_secret": "ebf396301cd5f2bffdd5e7e25066a15ea189798d",
        "is_verified": false,
        "line_number": 1842
      },
      {
        "type": "Base64 High Entropy String",
        "filename": "drone-mcp-template/node_modules/.package-lock.json",
        "hashed_secret": "5bcb233a4cf6e79f65a75aa15e06169c85eabfc4",
        "is_verified": false,
        "line_number": 1858
      },
      {
        "type": "Base64 High Entropy String",
        "filename": "drone-mcp-template/node_modules/.package-lock.json",
        "hashed_secret": "9cfd1c9ff642dd3f9093c2e68fda7b9daba943ca",
        "is_verified": false,
        "line_number": 1871
      },
      {
        "type": "Base64 High Entropy String",
        "filename": "drone-mcp-template/node_modules/.package-lock.json",
        "hashed_secret": "c6ee5cc9425c6e106fad752bf1f79925d0f8d332",
        "is_verified": false,
        "line_number": 1883
      },
      {
        "type": "Base64 High Entropy String",
        "filename": "drone-mcp-template/node_modules/.package-lock.json",
        "hashed_secret": "6b6da123ceec9e1d1fe64b6fab6f3d4e083a822c",
        "is_verified": false,
        "line_number": 1893
      },
      {
        "type": "Base64 High Entropy String",
        "filename": "drone-mcp-template/node_modules/.package-lock.json",
        "hashed_secret": "f1ac10cceb66eae06a957162ed1c39f18f017ee5",
        "is_verified": false,
        "line_number": 1900
      },
      {
        "type": "Base64 High Entropy String",
        "filename": "drone-mcp-template/node_modules/.package-lock.json",
        "hashed_secret": "e25be230742364f1ee60067a756da19dc7572126",
        "is_verified": false,
        "line_number": 1917
      },
      {
        "type": "Base64 High Entropy String",
        "filename": "drone-mcp-template/node_modules/.package-lock.json",
        "hashed_secret": "cf09cb791688fe019284bfdc362abc41918645a5",
        "is_verified": false,
        "line_number": 1927
      },
      {
        "type": "Base64 High Entropy String",
        "filename": "drone-mcp-template/node_modules/.package-lock.json",
        "hashed_secret": "89b283ab50bf537dfbd64a59830fb7dda89eb546",
        "is_verified": false,
        "line_number": 1933
      },
      {
        "type": "Base64 High Entropy String",
        "filename": "drone-mcp-template/node_modules/.package-lock.json",
        "hashed_secret": "3c22fe71719555d5e4c508c724ee1c9a9728d8a1",
        "is_verified": false,
        "line_number": 1942
      },
      {
        "type": "Base64 High Entropy String",
        "filename": "drone-mcp-template/node_modules/.package-lock.json",
        "hashed_secret": "e9ce08fb0922eb7b6fd8078a79f948726b9b756e",
        "is_verified": false,
        "line_number": 1955
      },
      {
        "type": "Base64 High Entropy String",
        "filename": "drone-mcp-template/node_modules/.package-lock.json",
        "hashed_secret": "d5ec021cbb92c3486e38fac176f4f59a6c1d92e8",
        "is_verified": false,
        "line_number": 1965
      },
      {
        "type": "Base64 High Entropy String",
        "filename": "drone-mcp-template/node_modules/.package-lock.json",
        "hashed_secret": "0168f03d6f1748d5d7ae624a93f711333b69d01c",
        "is_verified": false,
        "line_number": 1975
      },
      {
        "type": "Base64 High Entropy String",
        "filename": "drone-mcp-template/node_modules/.package-lock.json",
        "hashed_secret": "8f95bdf43361cffe6720264f402b5636239f6367",
        "is_verified": false,
        "line_number": 1988
      },
      {
        "type": "Base64 High Entropy String",
        "filename": "drone-mcp-template/node_modules/.package-lock.json",
        "hashed_secret": "d81e2b3377c83097e87a9ee843ceca57e572239f",
        "is_verified": false,
        "line_number": 1998
      },
      {
        "type": "Base64 High Entropy String",
        "filename": "drone-mcp-template/node_modules/.package-lock.json",
        "hashed_secret": "a50afa3db8185bad21f9085b9a2a2c424c59f25c",
        "is_verified": false,
        "line_number": 2008
      },
      {
        "type": "Base64 High Entropy String",
        "filename": "drone-mcp-template/node_modules/.package-lock.json",
        "hashed_secret": "7e775297f58b69533534e9a520c7b8b5bde51a0f",
        "is_verified": false,
        "line_number": 2014
      },
      {
        "type": "Base64 High Entropy String",
        "filename": "drone-mcp-template/node_modules/.package-lock.json",
        "hashed_secret": "339a5454990b92ebcdb27d46167833daac75e019",
        "is_verified": false,
        "line_number": 2026
      },
      {
        "type": "Base64 High Entropy String",
        "filename": "drone-mcp-template/node_modules/.package-lock.json",
        "hashed_secret": "4e5e279b264f80f6302507f3bc02028118a5381f",
        "is_verified": false,
        "line_number": 2039
      },
      {
        "type": "Base64 High Entropy String",
        "filename": "drone-mcp-template/node_modules/.package-lock.json",
        "hashed_secret": "f8e1856295ecbf3d0c5b858e3d6fb63209e97f03",
        "is_verified": false,
        "line_number": 2045
      },
      {
        "type": "Base64 High Entropy String",
        "filename": "drone-mcp-template/node_modules/.package-lock.json",
        "hashed_secret": "30234f92f50b1a55d8195d524fa8482302808e0d",
        "is_verified": false,
        "line_number": 2061
      },
      {
        "type": "Base64 High Entropy String",
        "filename": "drone-mcp-template/node_modules/.package-lock.json",
        "hashed_secret": "7d2d3cbac5b5f9d8a8eec0a803658427968d5d14",
        "is_verified": false,
        "line_number": 2074
      },
      {
        "type": "Base64 High Entropy String",
        "filename": "drone-mcp-template/node_modules/.package-lock.json",
        "hashed_secret": "32f166e925f96dafcba74b3787246df2a06a9e19",
        "is_verified": false,
        "line_number": 2083
      },
      {
        "type": "Base64 High Entropy String",
        "filename": "drone-mcp-template/node_modules/.package-lock.json",
        "hashed_secret": "127f92724797904fb4e6de2dfff2c71c07739612",
        "is_verified": false,
        "line_number": 2090
      },
      {
        "type": "Base64 High Entropy String",
        "filename": "drone-mcp-template/node_modules/.package-lock.json",
        "hashed_secret": "518c6e09c048b1b3cdbcc4ed47df84e0552aba4c",
        "is_verified": false,
        "line_number": 2096
      },
      {
        "type": "Base64 High Entropy String",
        "filename": "drone-mcp-template/node_modules/.package-lock.json",
        "hashed_secret": "1ab4d49eb25282fcf114635de529eb814d334179",
        "is_verified": false,
        "line_number": 2103
      },
      {
        "type": "Base64 High Entropy String",
        "filename": "drone-mcp-template/node_modules/.package-lock.json",
        "hashed_secret": "75c933d323a527128cef3c231b1bd71037848755",
        "is_verified": false,
        "line_number": 2114
      },
      {
        "type": "Base64 High Entropy String",
        "filename": "drone-mcp-template/node_modules/.package-lock.json",
        "hashed_secret": "4c565e2b5132b7df2d3126654bee51cf449f5d8f",
        "is_verified": false,
        "line_number": 2124
      },
      {
        "type": "Base64 High Entropy String",
        "filename": "drone-mcp-template/node_modules/.package-lock.json",
        "hashed_secret": "0ec89f07004a01dda54b29e48a86c84f8098fdb6",
        "is_verified": false,
        "line_number": 2134
      },
      {
        "type": "Base64 High Entropy String",
        "filename": "drone-mcp-template/node_modules/.package-lock.json",
        "hashed_secret": "1c386996454f57fad765143b1a1393b4fd15dceb",
        "is_verified": false,
        "line_number": 2148
      },
      {
        "type": "Base64 High Entropy String",
        "filename": "drone-mcp-template/node_modules/.package-lock.json",
        "hashed_secret": "f30db3965cfaf45c216038e7ce454d23be9c08b4",
        "is_verified": false,
        "line_number": 2164
      },
      {
        "type": "Base64 High Entropy String",
        "filename": "drone-mcp-template/node_modules/.package-lock.json",
        "hashed_secret": "6a0e4db763e3a9068152154d0ca5185d412bb775",
        "is_verified": false,
        "line_number": 2171
      },
      {
        "type": "Base64 High Entropy String",
        "filename": "drone-mcp-template/node_modules/.package-lock.json",
        "hashed_secret": "87aff3c6c2e4719c7c068c625dc5c6bb833ab411",
        "is_verified": false,
        "line_number": 2188
      },
      {
        "type": "Base64 High Entropy String",
        "filename": "drone-mcp-template/node_modules/.package-lock.json",
        "hashed_secret": "87ae5db459dbd9fe4157473b016ae5ff5ef0f4ed",
        "is_verified": false,
        "line_number": 2195
      },
      {
        "type": "Base64 High Entropy String",
        "filename": "drone-mcp-template/node_modules/.package-lock.json",
        "hashed_secret": "e35fb2c9e202bc5f69e3ffc8044e93184220df22",
        "is_verified": false,
        "line_number": 2204
      },
      {
        "type": "Base64 High Entropy String",
        "filename": "drone-mcp-template/node_modules/.package-lock.json",
        "hashed_secret": "05543ea5a6b86dcc7da86fe1d76d058f9b4cf27d",
        "is_verified": false,
        "line_number": 2213
      },
      {
        "type": "Base64 High Entropy String",
        "filename": "drone-mcp-template/node_modules/.package-lock.json",
        "hashed_secret": "22f475d09df2c53aa6332a6d7aa6ac7e2cc09481",
        "is_verified": false,
        "line_number": 2225
      },
      {
        "type": "Base64 High Entropy String",
        "filename": "drone-mcp-template/node_modules/.package-lock.json",
        "hashed_secret": "d759152ed20d7df43aa8517a5943f3f9433e50bc",
        "is_verified": false,
        "line_number": 2235
      },
      {
        "type": "Base64 High Entropy String",
        "filename": "drone-mcp-template/node_modules/.package-lock.json",
        "hashed_secret": "9e05a6588b71fa0fc16197582d59d740f63b9104",
        "is_verified": false,
        "line_number": 2248
      },
      {
        "type": "Base64 High Entropy String",
        "filename": "drone-mcp-template/node_modules/.package-lock.json",
        "hashed_secret": "6b9506ee30b777cc92868deead197521a695b009",
        "is_verified": false,
        "line_number": 2257
      },
      {
        "type": "Base64 High Entropy String",
        "filename": "drone-mcp-template/node_modules/.package-lock.json",
        "hashed_secret": "b701486290777985572bdf83321be59eee7cd0c6",
        "is_verified": false,
        "line_number": 2269
      },
      {
        "type": "Base64 High Entropy String",
        "filename": "drone-mcp-template/node_modules/.package-lock.json",
        "hashed_secret": "0430ef838f88b8c253f36d7c2c5e9da6b30310b7",
        "is_verified": false,
        "line_number": 2282
      },
      {
        "type": "Base64 High Entropy String",
        "filename": "drone-mcp-template/node_modules/.package-lock.json",
        "hashed_secret": "7702988b644959d0a47861e53b2b54f3fe3832ed",
        "is_verified": false,
        "line_number": 2292
      },
      {
        "type": "Base64 High Entropy String",
        "filename": "drone-mcp-template/node_modules/.package-lock.json",
        "hashed_secret": "869a40b729083c41268e4ff73da71ad253b63821",
        "is_verified": false,
        "line_number": 2354
      },
      {
        "type": "Base64 High Entropy String",
        "filename": "drone-mcp-template/node_modules/.package-lock.json",
        "hashed_secret": "805d9656080308c11cde7cb7f0310e12c7e60c48",
        "is_verified": false,
        "line_number": 2370
      },
      {
        "type": "Base64 High Entropy String",
        "filename": "drone-mcp-template/node_modules/.package-lock.json",
        "hashed_secret": "508ffd78a7522f83c630d98474d58ccf406bd25e",
        "is_verified": false,
        "line_number": 2376
      },
      {
        "type": "Base64 High Entropy String",
        "filename": "drone-mcp-template/node_modules/.package-lock.json",
        "hashed_secret": "28a4911e95b4e5c8ba05b81195067bcaaa69e93c",
        "is_verified": false,
        "line_number": 2383
      },
      {
        "type": "Base64 High Entropy String",
        "filename": "drone-mcp-template/node_modules/.package-lock.json",
        "hashed_secret": "6f500dca9c29a5bd98e484b64f7a8c54d5956415",
        "is_verified": false,
        "line_number": 2392
      },
      {
        "type": "Base64 High Entropy String",
        "filename": "drone-mcp-template/node_modules/.package-lock.json",
        "hashed_secret": "76a6171fb8cf6260697e4660b6d3f0830060563e",
        "is_verified": false,
        "line_number": 2412
      },
      {
        "type": "Base64 High Entropy String",
        "filename": "drone-mcp-template/node_modules/.package-lock.json",
        "hashed_secret": "4116283da073d4ab654db7f17a1325f7d331e9c5",
        "is_verified": false,
        "line_number": 2441
      },
      {
        "type": "Base64 High Entropy String",
        "filename": "drone-mcp-template/node_modules/.package-lock.json",
        "hashed_secret": "371ca38e7acde2cb9e7c1a8bea0355722ff047cf",
        "is_verified": false,
        "line_number": 2466
      },
      {
        "type": "Base64 High Entropy String",
        "filename": "drone-mcp-template/node_modules/.package-lock.json",
        "hashed_secret": "e45f8f0f8f0463a80493faaf81d1fe3d0fa4a174",
        "is_verified": false,
        "line_number": 2479
      },
      {
        "type": "Base64 High Entropy String",
        "filename": "drone-mcp-template/node_modules/.package-lock.json",
        "hashed_secret": "9dff9e9fd2f6eeeb815eb9db94eff6248259ba16",
        "is_verified": false,
        "line_number": 2489
      },
      {
        "type": "Base64 High Entropy String",
        "filename": "drone-mcp-template/node_modules/.package-lock.json",
        "hashed_secret": "8368db68b0ace9e898989e5e645c5e1eddf99b11",
        "is_verified": false,
        "line_number": 2502
      },
      {
        "type": "Base64 High Entropy String",
        "filename": "drone-mcp-template/node_modules/.package-lock.json",
        "hashed_secret": "0a68e003e521d8b996e1c07b3b5b2664de31fa44",
        "is_verified": false,
        "line_number": 2515
      },
      {
        "type": "Base64 High Entropy String",
        "filename": "drone-mcp-template/node_modules/.package-lock.json",
        "hashed_secret": "bfa89e1607d2248db3523f241a0e9eb543cd0061",
        "is_verified": false,
        "line_number": 2525
      },
      {
        "type": "Base64 High Entropy String",
        "filename": "drone-mcp-template/node_modules/.package-lock.json",
        "hashed_secret": "0817713c3585298fbb156482ffc6787018397167",
        "is_verified": false,
        "line_number": 2534
      },
      {
        "type": "Base64 High Entropy String",
        "filename": "drone-mcp-template/node_modules/.package-lock.json",
        "hashed_secret": "85c66cde4af421982424442e55d5b0a85e75b40e",
        "is_verified": false,
        "line_number": 2546
      },
      {
        "type": "Base64 High Entropy String",
        "filename": "drone-mcp-template/node_modules/.package-lock.json",
        "hashed_secret": "1fd960f79ff7ccd39310bfdf81fba2b2663b71d0",
        "is_verified": false,
        "line_number": 2555
      },
      {
        "type": "Base64 High Entropy String",
        "filename": "drone-mcp-template/node_modules/.package-lock.json",
        "hashed_secret": "38c97b06ca380ec6b537fb959634cd6042e47cea",
        "is_verified": false,
        "line_number": 2567
      },
      {
        "type": "Base64 High Entropy String",
        "filename": "drone-mcp-template/node_modules/.package-lock.json",
        "hashed_secret": "b5a6f2a2101ff7f7af8d0c6c87c554acea27e0c9",
        "is_verified": false,
        "line_number": 2576
      },
      {
        "type": "Base64 High Entropy String",
        "filename": "drone-mcp-template/node_modules/.package-lock.json",
        "hashed_secret": "d69c03a6c481565a321e7b90776918eaad16e532",
        "is_verified": false,
        "line_number": 2594
      },
      {
        "type": "Base64 High Entropy String",
        "filename": "drone-mcp-template/node_modules/.package-lock.json",
        "hashed_secret": "316bf5ed09ed2d2511c54a3e60e047e26550c82c",
        "is_verified": false,
        "line_number": 2610
      },
      {
        "type": "Base64 High Entropy String",
        "filename": "drone-mcp-template/node_modules/.package-lock.json",
        "hashed_secret": "55159cc007aeaf5fbf0746c70b85d9ddc16db6dd",
        "is_verified": false,
        "line_number": 2626
      },
      {
        "type": "Base64 High Entropy String",
        "filename": "drone-mcp-template/node_modules/.package-lock.json",
        "hashed_secret": "139323d71483de0860981200fb39673681ab2ef2",
        "is_verified": false,
        "line_number": 2633
      },
      {
        "type": "Base64 High Entropy String",
        "filename": "drone-mcp-template/node_modules/.package-lock.json",
        "hashed_secret": "ae745d719f97b3ddb9791348b1f29ff8208c0c5c",
        "is_verified": false,
        "line_number": 2646
      },
      {
        "type": "Base64 High Entropy String",
        "filename": "drone-mcp-template/node_modules/.package-lock.json",
        "hashed_secret": "533573708ed3eabce514432cd26d532218222659",
        "is_verified": false,
        "line_number": 2655
      },
      {
        "type": "Base64 High Entropy String",
        "filename": "drone-mcp-template/node_modules/.package-lock.json",
        "hashed_secret": "61ff5c8a702d8ffe28063c06487a3a5a0db2ed70",
        "is_verified": false,
        "line_number": 2665
      },
      {
        "type": "Base64 High Entropy String",
        "filename": "drone-mcp-template/node_modules/.package-lock.json",
        "hashed_secret": "6942521514db424f66a46a086146c8d65db76a9c",
        "is_verified": false,
        "line_number": 2674
      },
      {
        "type": "Base64 High Entropy String",
        "filename": "drone-mcp-template/node_modules/.package-lock.json",
        "hashed_secret": "99f9c01e1a08dce54771bd17c53dd436f72f1b65",
        "is_verified": false,
        "line_number": 2691
      },
      {
        "type": "Base64 High Entropy String",
        "filename": "drone-mcp-template/node_modules/.package-lock.json",
        "hashed_secret": "4439cc784aca22e5cdf33ed6656f5b8b99eaa44d",
        "is_verified": false,
        "line_number": 2700
      },
      {
        "type": "Base64 High Entropy String",
        "filename": "drone-mcp-template/node_modules/.package-lock.json",
        "hashed_secret": "1ac881fcbb09fad5c8b422aa517c10f8aae9c8b0",
        "is_verified": false,
        "line_number": 2707
      },
      {
        "type": "Base64 High Entropy String",
        "filename": "drone-mcp-template/node_modules/.package-lock.json",
        "hashed_secret": "f27bcb112d592eb79aabc4fe11e173f2baacaa33",
        "is_verified": false,
        "line_number": 2720
      },
      {
        "type": "Base64 High Entropy String",
        "filename": "drone-mcp-template/node_modules/.package-lock.json",
        "hashed_secret": "80eb677fae3a58bfd1df58e32807f8eccd8ca18d",
        "is_verified": false,
        "line_number": 2742
      },
      {
        "type": "Base64 High Entropy String",
        "filename": "drone-mcp-template/node_modules/.package-lock.json",
        "hashed_secret": "69f0233f760ba53fdc50fc7f66b17b7009575367",
        "is_verified": false,
        "line_number": 2751
      },
      {
        "type": "Base64 High Entropy String",
        "filename": "drone-mcp-template/node_modules/.package-lock.json",
        "hashed_secret": "9fe5b3fda621da0e9b76aa653d894f94f8f58cd4",
        "is_verified": false,
        "line_number": 2763
      },
      {
        "type": "Base64 High Entropy String",
        "filename": "drone-mcp-template/node_modules/.package-lock.json",
        "hashed_secret": "4538ddf3df03aeb73334aeaf5b23a1dc0624d7a3",
        "is_verified": false,
        "line_number": 2779
      },
      {
        "type": "Base64 High Entropy String",
        "filename": "drone-mcp-template/node_modules/.package-lock.json",
        "hashed_secret": "fd2943baa725a2d4cbdc47ff4be9b17e0e4014d4",
        "is_verified": false,
        "line_number": 2785
      },
      {
        "type": "Base64 High Entropy String",
        "filename": "drone-mcp-template/node_modules/.package-lock.json",
        "hashed_secret": "740c72e48345f65f0deefba812581017bd57c614",
        "is_verified": false,
        "line_number": 2794
      },
      {
        "type": "Base64 High Entropy String",
        "filename": "drone-mcp-template/node_modules/.package-lock.json",
        "hashed_secret": "f1d33d6aede0dfb7fe9978bebd04c76d861c98c3",
        "is_verified": false,
        "line_number": 2804
      },
      {
        "type": "Base64 High Entropy String",
        "filename": "drone-mcp-template/node_modules/.package-lock.json",
        "hashed_secret": "2a416cdbfc3b4651a6d04d447938ace3ff9c7b6a",
        "is_verified": false,
        "line_number": 2820
      },
      {
        "type": "Base64 High Entropy String",
        "filename": "drone-mcp-template/node_modules/.package-lock.json",
        "hashed_secret": "60edf9357ab126e077a488706704a2f658e19087",
        "is_verified": false,
        "line_number": 2833
      },
      {
        "type": "Base64 High Entropy String",
        "filename": "drone-mcp-template/node_modules/.package-lock.json",
        "hashed_secret": "bc8871bf12d9dd3971dad6cdd4aca5506f848957",
        "is_verified": false,
        "line_number": 2839
      },
      {
        "type": "Base64 High Entropy String",
        "filename": "drone-mcp-template/node_modules/.package-lock.json",
        "hashed_secret": "706884687450108cef742ef7b12010f29167a501",
        "is_verified": false,
        "line_number": 2846
      },
      {
        "type": "Base64 High Entropy String",
        "filename": "drone-mcp-template/node_modules/.package-lock.json",
        "hashed_secret": "200d9ce3729d2bb7727c85eb3c53d4ec9f215438",
        "is_verified": false,
        "line_number": 2855
      },
      {
        "type": "Base64 High Entropy String",
        "filename": "drone-mcp-template/node_modules/.package-lock.json",
        "hashed_secret": "7969827f4e081fc3ab6d578be9fe52cf55b34bef",
        "is_verified": false,
        "line_number": 2870
      },
      {
        "type": "Base64 High Entropy String",
        "filename": "drone-mcp-template/node_modules/.package-lock.json",
        "hashed_secret": "a215faa77ef3f0cca4574804353e1df8298bdd49",
        "is_verified": false,
        "line_number": 2876
      },
      {
        "type": "Base64 High Entropy String",
        "filename": "drone-mcp-template/node_modules/.package-lock.json",
        "hashed_secret": "8287678ab8009ae16b02930c9e260d1f28578fbe",
        "is_verified": false,
        "line_number": 2886
      },
      {
        "type": "Base64 High Entropy String",
        "filename": "drone-mcp-template/node_modules/.package-lock.json",
        "hashed_secret": "21dadf007d597e2d4828a7f3a7a9f843acbfd8f9",
        "is_verified": false,
        "line_number": 2895
      },
      {
        "type": "Base64 High Entropy String",
        "filename": "drone-mcp-template/node_modules/.package-lock.json",
        "hashed_secret": "36149fc78b01f35bca00b832a55a4ea4f21995ae",
        "is_verified": false,
        "line_number": 2910
      },
      {
        "type": "Base64 High Entropy String",
        "filename": "drone-mcp-template/node_modules/.package-lock.json",
        "hashed_secret": "4b07e969bf7c1a9efdf5eab7e13abaa484c49d38",
        "is_verified": false,
        "line_number": 2924
      },
      {
        "type": "Base64 High Entropy String",
        "filename": "drone-mcp-template/node_modules/.package-lock.json",
        "hashed_secret": "3c48660b66db6687c2ba1b7ffbac279614eead6e",
        "is_verified": false,
        "line_number": 2933
      },
      {
        "type": "Base64 High Entropy String",
        "filename": "drone-mcp-template/node_modules/.package-lock.json",
        "hashed_secret": "41135cd24fce09855f67710faed09efce38cd9fb",
        "is_verified": false,
        "line_number": 2943
      },
      {
        "type": "Base64 High Entropy String",
        "filename": "drone-mcp-template/node_modules/.package-lock.json",
        "hashed_secret": "b32349f0840e65cfeccabeedf71720fc46181788",
        "is_verified": false,
        "line_number": 2953
      },
      {
        "type": "Base64 High Entropy String",
        "filename": "drone-mcp-template/node_modules/.package-lock.json",
        "hashed_secret": "dab00d860d09dd9092b16718edd82bb24a6a21e9",
        "is_verified": false,
        "line_number": 2969
      },
      {
        "type": "Base64 High Entropy String",
        "filename": "drone-mcp-template/node_modules/.package-lock.json",
        "hashed_secret": "7ecd16de4642448e5a002d0eb887796642d37c29",
        "is_verified": false,
        "line_number": 2989
      },
      {
        "type": "Base64 High Entropy String",
        "filename": "drone-mcp-template/node_modules/.package-lock.json",
        "hashed_secret": "1508bbaf29927b5348d4df62823dab122a0d3b48",
        "is_verified": false,
        "line_number": 2998
      },
      {
        "type": "Base64 High Entropy String",
        "filename": "drone-mcp-template/node_modules/.package-lock.json",
        "hashed_secret": "38d576c30351a2efa51a1370871d95af3a753e72",
        "is_verified": false,
        "line_number": 3004
      },
      {
        "type": "Base64 High Entropy String",
        "filename": "drone-mcp-template/node_modules/.package-lock.json",
        "hashed_secret": "67c213e27c80dfd952f92b4ead1a06b08007961c",
        "is_verified": false,
        "line_number": 3017
      },
      {
        "type": "Base64 High Entropy String",
        "filename": "drone-mcp-template/node_modules/.package-lock.json",
        "hashed_secret": "7abbd8754af2f0eabe1fc317c5d911bedd01e714",
        "is_verified": false,
        "line_number": 3039
      },
      {
        "type": "Base64 High Entropy String",
        "filename": "drone-mcp-template/node_modules/.package-lock.json",
        "hashed_secret": "6c73cbde60c6c48ea1bf482b08a85ba8d2caddc5",
        "is_verified": false,
        "line_number": 3049
      },
      {
        "type": "Base64 High Entropy String",
        "filename": "drone-mcp-template/node_modules/.package-lock.json",
        "hashed_secret": "bae67d3ce231086fba18abc7365c94878f900c14",
        "is_verified": false,
        "line_number": 3064
      },
      {
        "type": "Base64 High Entropy String",
        "filename": "drone-mcp-template/node_modules/.package-lock.json",
        "hashed_secret": "3b7990b0f82bc9bc6c4ec02744f9c02e76aac827",
        "is_verified": false,
        "line_number": 3070
      },
      {
        "type": "Base64 High Entropy String",
        "filename": "drone-mcp-template/node_modules/.package-lock.json",
        "hashed_secret": "9072ebcbad57a1ae4256c5ae37c1e7c7ae5325de",
        "is_verified": false,
        "line_number": 3082
      },
      {
        "type": "Base64 High Entropy String",
        "filename": "drone-mcp-template/node_modules/.package-lock.json",
        "hashed_secret": "05b9deaec8f504ac476e1af49d6dd6c7c79f6b36",
        "is_verified": false,
        "line_number": 3091
      },
      {
        "type": "Base64 High Entropy String",
        "filename": "drone-mcp-template/node_modules/.package-lock.json",
        "hashed_secret": "a1785e76071823a09f23d2c2b64db80b223c5411",
        "is_verified": false,
        "line_number": 3110
      },
      {
        "type": "Base64 High Entropy String",
        "filename": "drone-mcp-template/node_modules/.package-lock.json",
        "hashed_secret": "7cdaa4e52326d9a81d36d211cd26c2d7a9fc69e1",
        "is_verified": false,
        "line_number": 3126
      },
      {
        "type": "Base64 High Entropy String",
        "filename": "drone-mcp-template/node_modules/.package-lock.json",
        "hashed_secret": "6a66a6ffc1f1c2f31ec1c5c694938bedbae39c02",
        "is_verified": false,
        "line_number": 3144
      },
      {
        "type": "Base64 High Entropy String",
        "filename": "drone-mcp-template/node_modules/.package-lock.json",
        "hashed_secret": "e0c6ae09dd70fa25056d591ada0ad32df0dfe873",
        "is_verified": false,
        "line_number": 3163
      },
      {
        "type": "Base64 High Entropy String",
        "filename": "drone-mcp-template/node_modules/.package-lock.json",
        "hashed_secret": "eddf3e394609128df97b6e1e58a37522eb580584",
        "is_verified": false,
        "line_number": 3176
      },
      {
        "type": "Base64 High Entropy String",
        "filename": "drone-mcp-template/node_modules/.package-lock.json",
        "hashed_secret": "676708c4444784c246fd08c77b85e8de4f7ac9b6",
        "is_verified": false,
        "line_number": 3189
      },
      {
        "type": "Base64 High Entropy String",
        "filename": "drone-mcp-template/node_modules/.package-lock.json",
        "hashed_secret": "02757ec3c99c3192621db35f0eea3897cede465a",
        "is_verified": false,
        "line_number": 3198
      },
      {
        "type": "Base64 High Entropy String",
        "filename": "drone-mcp-template/node_modules/.package-lock.json",
        "hashed_secret": "6057a244d926cc3fac60c38cc276e3a75c45e178",
        "is_verified": false,
        "line_number": 3207
      },
      {
        "type": "Base64 High Entropy String",
        "filename": "drone-mcp-template/node_modules/.package-lock.json",
        "hashed_secret": "d4f8d980c943fb306089e921db8c8afd41e8a906",
        "is_verified": false,
        "line_number": 3216
      },
      {
        "type": "Base64 High Entropy String",
        "filename": "drone-mcp-template/node_modules/.package-lock.json",
        "hashed_secret": "2764e31835af219e01a144b32b3088b583d0b142",
        "is_verified": false,
        "line_number": 3280
      },
      {
        "type": "Base64 High Entropy String",
        "filename": "drone-mcp-template/node_modules/.package-lock.json",
        "hashed_secret": "3e536139add3f70bf34712d57cf490dc9c631553",
        "is_verified": false,
        "line_number": 3320
      },
      {
        "type": "Base64 High Entropy String",
        "filename": "drone-mcp-template/node_modules/.package-lock.json",
        "hashed_secret": "77c709b61d6fecb100128b9e1532f86992cd0e16",
        "is_verified": false,
        "line_number": 3333
      },
      {
        "type": "Base64 High Entropy String",
        "filename": "drone-mcp-template/node_modules/.package-lock.json",
        "hashed_secret": "260edcc7a72fb23650004b5d2d788e823775d338",
        "is_verified": false,
        "line_number": 3354
      },
      {
        "type": "Base64 High Entropy String",
        "filename": "drone-mcp-template/node_modules/.package-lock.json",
        "hashed_secret": "69e4418b2ffb487c86b50465bb7a8dd539577c3f",
        "is_verified": false,
        "line_number": 3368
      },
      {
        "type": "Base64 High Entropy String",
        "filename": "drone-mcp-template/node_modules/.package-lock.json",
        "hashed_secret": "11973b25b26c5ffab277f15a5f39da63518c061c",
        "is_verified": false,
        "line_number": 3381
      },
      {
        "type": "Base64 High Entropy String",
        "filename": "drone-mcp-template/node_modules/.package-lock.json",
        "hashed_secret": "36a41bfa336a40f390233bcb3edba75b423c0ac5",
        "is_verified": false,
        "line_number": 3390
      },
      {
        "type": "Base64 High Entropy String",
        "filename": "drone-mcp-template/node_modules/.package-lock.json",
        "hashed_secret": "a6d813aa7164341218d80a2b625ff1b254fa10c3",
        "is_verified": false,
        "line_number": 3403
      },
      {
        "type": "Base64 High Entropy String",
        "filename": "drone-mcp-template/node_modules/.package-lock.json",
        "hashed_secret": "5b9e0bbb1620e4dd319ea8685d7971e564ca3bed",
        "is_verified": false,
        "line_number": 3412
      },
      {
        "type": "Base64 High Entropy String",
        "filename": "drone-mcp-template/node_modules/.package-lock.json",
        "hashed_secret": "350c4e8947601c652821f48e263a070c013da8d6",
        "is_verified": false,
        "line_number": 3422
      },
      {
        "type": "Base64 High Entropy String",
        "filename": "drone-mcp-template/node_modules/.package-lock.json",
        "hashed_secret": "a09ac4be578a7b177bc5f823f8624e32f10751fb",
        "is_verified": false,
        "line_number": 3428
      },
      {
        "type": "Base64 High Entropy String",
        "filename": "drone-mcp-template/node_modules/.package-lock.json",
        "hashed_secret": "958f02fb5271717c43b218b10945d041a4e045cd",
        "is_verified": false,
        "line_number": 3441
      },
      {
        "type": "Base64 High Entropy String",
        "filename": "drone-mcp-template/node_modules/.package-lock.json",
        "hashed_secret": "0e0610c989dae051d6868e1151cdd5574fc596e9",
        "is_verified": false,
        "line_number": 3455
      },
      {
        "type": "Base64 High Entropy String",
        "filename": "drone-mcp-template/node_modules/.package-lock.json",
        "hashed_secret": "292b56ccb1313ea50f4d1bf0efc7f2b04670fe73",
        "is_verified": false,
        "line_number": 3462
      },
      {
        "type": "Base64 High Entropy String",
        "filename": "drone-mcp-template/node_modules/.package-lock.json",
        "hashed_secret": "390113d1af6b5ece9a90ea6db402a0008b2a9d08",
        "is_verified": false,
        "line_number": 3471
      },
      {
        "type": "Base64 High Entropy String",
        "filename": "drone-mcp-template/node_modules/.package-lock.json",
        "hashed_secret": "605ef353db217c873cbe6dcce6bea96f0fb526b2",
        "is_verified": false,
        "line_number": 3480
      },
      {
        "type": "Base64 High Entropy String",
        "filename": "drone-mcp-template/node_modules/.package-lock.json",
        "hashed_secret": "f436e5e80e3407aed61c6a5d0463a46e0da536d8",
        "is_verified": false,
        "line_number": 3493
      },
      {
        "type": "Base64 High Entropy String",
        "filename": "drone-mcp-template/node_modules/.package-lock.json",
        "hashed_secret": "af41cd39d3a3e2ffb29c5b6260c66515c837c136",
        "is_verified": false,
        "line_number": 3502
      },
      {
        "type": "Base64 High Entropy String",
        "filename": "drone-mcp-template/node_modules/.package-lock.json",
        "hashed_secret": "26f07fc119216391d41500902290cd716eafc308",
        "is_verified": false,
        "line_number": 3508
      },
      {
        "type": "Base64 High Entropy String",
        "filename": "drone-mcp-template/node_modules/.package-lock.json",
        "hashed_secret": "f0257d02d23f53e799476af74cf0386375d4b6c2",
        "is_verified": false,
        "line_number": 3518
      },
      {
        "type": "Base64 High Entropy String",
        "filename": "drone-mcp-template/node_modules/.package-lock.json",
        "hashed_secret": "749184805a59b4e245165000ff76d7e916f3efa5",
        "is_verified": false,
        "line_number": 3533
      },
      {
        "type": "Base64 High Entropy String",
        "filename": "drone-mcp-template/node_modules/.package-lock.json",
        "hashed_secret": "2812940b256983837d13fa07052a0e77033ef593",
        "is_verified": false,
        "line_number": 3543
      },
      {
        "type": "Base64 High Entropy String",
        "filename": "drone-mcp-template/node_modules/.package-lock.json",
        "hashed_secret": "c1907fc992b0e961b0c622ff8cd91edc36456c2a",
        "is_verified": false,
        "line_number": 3550
      },
      {
        "type": "Base64 High Entropy String",
        "filename": "drone-mcp-template/node_modules/.package-lock.json",
        "hashed_secret": "e18dbe67238cfe0349177bd2fc9a70a93e4c2f12",
        "is_verified": false,
        "line_number": 3632
      },
      {
        "type": "Base64 High Entropy String",
        "filename": "drone-mcp-template/node_modules/.package-lock.json",
        "hashed_secret": "c1a38efe10a08cb343b44ec85e4f991fa64e0dc8",
        "is_verified": false,
        "line_number": 3645
      },
      {
        "type": "Base64 High Entropy String",
        "filename": "drone-mcp-template/node_modules/.package-lock.json",
        "hashed_secret": "fd979750316587a434d421119fe616d5325ac2fb",
        "is_verified": false,
        "line_number": 3651
      },
      {
        "type": "Base64 High Entropy String",
        "filename": "drone-mcp-template/node_modules/.package-lock.json",
        "hashed_secret": "5888d1b730d17d304b51d9ac433812c153d85b55",
        "is_verified": false,
        "line_number": 3661
      },
      {
        "type": "Base64 High Entropy String",
        "filename": "drone-mcp-template/node_modules/.package-lock.json",
        "hashed_secret": "f517feec4703cacc2629b34a71b6c4f71dcaaacb",
        "is_verified": false,
        "line_number": 3680
      },
      {
        "type": "Base64 High Entropy String",
        "filename": "drone-mcp-template/node_modules/.package-lock.json",
        "hashed_secret": "e42fda6642fe1668d29552f218bce4cfa2619ba0",
        "is_verified": false,
        "line_number": 3690
      },
      {
        "type": "Base64 High Entropy String",
        "filename": "drone-mcp-template/node_modules/.package-lock.json",
        "hashed_secret": "bc001a988dc93a1d9f0b811c8b6f5ed71cd922e8",
        "is_verified": false,
        "line_number": 3751
      },
      {
        "type": "Base64 High Entropy String",
        "filename": "drone-mcp-template/node_modules/.package-lock.json",
        "hashed_secret": "0a66ddf6a01415166f2125d077594dc77729d7ef",
        "is_verified": false,
        "line_number": 3764
      },
      {
        "type": "Base64 High Entropy String",
        "filename": "drone-mcp-template/node_modules/.package-lock.json",
        "hashed_secret": "0ad749addbabdae4af90ae29f9042898127f4933",
        "is_verified": false,
        "line_number": 3773
      }
    ],
    "drone-mcp-template/node_modules/@types/estree/package.json": [
      {
        "type": "Hex High Entropy String",
        "filename": "drone-mcp-template/node_modules/@types/estree/package.json",
        "hashed_secret": "97053b030d941bac4e635bdac82adb14d6b31141",
        "is_verified": false,
        "line_number": 24
      }
    ],
    "drone-mcp-template/node_modules/@types/json-schema/package.json": [
      {
        "type": "Hex High Entropy String",
        "filename": "drone-mcp-template/node_modules/@types/json-schema/package.json",
        "hashed_secret": "168f7392d2fbc322d2ddfb203fdc4dd4428e9390",
        "is_verified": false,
        "line_number": 38
      }
    ],
    "drone-mcp-template/node_modules/axios/README.md": [
      {
        "type": "Secret Keyword",
        "filename": "drone-mcp-template/node_modules/axios/README.md",
        "hashed_secret": "1dd9b4e254cbdc04c9ff5af64b0f1154fca67d0e",
        "is_verified": false,
        "line_number": 474
      },
      {
        "type": "Secret Keyword",
        "filename": "drone-mcp-template/node_modules/axios/README.md",
        "hashed_secret": "30d572fdcbcbf4914f23d2233ba3f8b8bc60e4f5",
        "is_verified": false,
        "line_number": 576
      }
    ],
    "drone-mcp-template/node_modules/dotenv/CHANGELOG.md": [
      {
        "type": "Secret Keyword",
        "filename": "drone-mcp-template/node_modules/dotenv/CHANGELOG.md",
        "hashed_secret": "21c65aca70b308e8e20693b12da453eff449f529",
        "is_verified": false,
        "line_number": 186
      }
    ],
    "drone-mcp-template/node_modules/dotenv/README-es.md": [
      {
        "type": "Secret Keyword",
        "filename": "drone-mcp-template/node_modules/dotenv/README-es.md",
        "hashed_secret": "d43a9266a2f0aae0d2381cc8c223f42489b21bad",
        "is_verified": false,
        "line_number": 60
      },
      {
        "type": "Private Key",
        "filename": "drone-mcp-template/node_modules/dotenv/README-es.md",
        "hashed_secret": "be4fc4886bd949b369d5e092eb87494f12e57e5b",
        "is_verified": false,
        "line_number": 94
      },
      {
        "type": "Secret Keyword",
        "filename": "drone-mcp-template/node_modules/dotenv/README-es.md",
        "hashed_secret": "21c65aca70b308e8e20693b12da453eff449f529",
        "is_verified": false,
        "line_number": 114
      }
    ],
    "drone-mcp-template/node_modules/dotenv/README.md": [
      {
        "type": "Secret Keyword",
        "filename": "drone-mcp-template/node_modules/dotenv/README.md",
        "hashed_secret": "d43a9266a2f0aae0d2381cc8c223f42489b21bad",
        "is_verified": false,
        "line_number": 77
      },
      {
        "type": "Private Key",
        "filename": "drone-mcp-template/node_modules/dotenv/README.md",
        "hashed_secret": "be4fc4886bd949b369d5e092eb87494f12e57e5b",
        "is_verified": false,
        "line_number": 109
      },
      {
        "type": "Secret Keyword",
        "filename": "drone-mcp-template/node_modules/dotenv/README.md",
        "hashed_secret": "21c65aca70b308e8e20693b12da453eff449f529",
        "is_verified": false,
        "line_number": 129
      }
    ],
    "drone-mcp-template/node_modules/google-auth-library/README.md": [
      {
        "type": "Secret Keyword",
        "filename": "drone-mcp-template/node_modules/google-auth-library/README.md",
        "hashed_secret": "f2e7745f43b0ef0e2c2faf61d6c6a28be2965750",
        "is_verified": false,
        "line_number": 272
      },
      {
        "type": "Secret Keyword",
        "filename": "drone-mcp-template/node_modules/google-auth-library/README.md",
        "hashed_secret": "6312f7bb001488bd53f14a749d0bfb94be6312c4",
        "is_verified": false,
        "line_number": 322
      },
      {
        "type": "Secret Keyword",
        "filename": "drone-mcp-template/node_modules/google-auth-library/README.md",
        "hashed_secret": "8baa11befce7d7d7ebf1eb1e618004791697cf4e",
        "is_verified": false,
        "line_number": 1259
      }
    ],
    "drone-mcp-template/node_modules/google-auth-library/build/src/auth/googleauth.d.ts": [
      {
        "type": "Secret Keyword",
        "filename": "drone-mcp-template/node_modules/google-auth-library/build/src/auth/googleauth.d.ts",
        "hashed_secret": "f534dea3dc075382204f8d6a950db4c17a5ff035",
        "is_verified": false,
        "line_number": 83
      }
    ],
    "drone-mcp-template/node_modules/google-auth-library/build/src/auth/googleauth.js": [
      {
        "type": "Secret Keyword",
        "filename": "drone-mcp-template/node_modules/google-auth-library/build/src/auth/googleauth.js",
        "hashed_secret": "f534dea3dc075382204f8d6a950db4c17a5ff035",
        "is_verified": false,
        "line_number": 49
      }
    ],
    "drone-mcp-template/node_modules/google-auth-library/build/src/auth/jwtclient.js": [
      {
        "type": "Secret Keyword",
        "filename": "drone-mcp-template/node_modules/google-auth-library/build/src/auth/jwtclient.js",
        "hashed_secret": "ecb252044b5ea0f679ee78ec1a12904739e2904d",
        "is_verified": false,
        "line_number": 263
      }
    ],
    "drone-mcp-template/node_modules/google-auth-library/build/src/auth/oauth2client.d.ts": [
      {
        "type": "Secret Keyword",
        "filename": "drone-mcp-template/node_modules/google-auth-library/build/src/auth/oauth2client.d.ts",
        "hashed_secret": "e284c72cf6ac16da9a511b95e3fb7ba404e45950",
        "is_verified": false,
        "line_number": 47
      },
      {
        "type": "Secret Keyword",
        "filename": "drone-mcp-template/node_modules/google-auth-library/build/src/auth/oauth2client.d.ts",
        "hashed_secret": "50e5c2e2d6329b9ef65993dae693dc97ae9094dc",
        "is_verified": false,
        "line_number": 48
      }
    ],
    "drone-mcp-template/node_modules/google-auth-library/build/src/auth/oauth2client.js": [
      {
        "type": "Secret Keyword",
        "filename": "drone-mcp-template/node_modules/google-auth-library/build/src/auth/oauth2client.js",
        "hashed_secret": "e284c72cf6ac16da9a511b95e3fb7ba404e45950",
        "is_verified": false,
        "line_number": 40
      },
      {
        "type": "Secret Keyword",
        "filename": "drone-mcp-template/node_modules/google-auth-library/build/src/auth/oauth2client.js",
        "hashed_secret": "50e5c2e2d6329b9ef65993dae693dc97ae9094dc",
        "is_verified": false,
        "line_number": 41
      }
    ],
    "drone-mcp-template/node_modules/gtoken/README.md": [
      {
        "type": "Private Key",
        "filename": "drone-mcp-template/node_modules/gtoken/README.md",
        "hashed_secret": "be4fc4886bd949b369d5e092eb87494f12e57e5b",
        "is_verified": false,
        "line_number": 89
      }
    ],
    "drone-mcp-template/node_modules/js-yaml/dist/js-yaml.js": [
      {
        "type": "Base64 High Entropy String",
        "filename": "drone-mcp-template/node_modules/js-yaml/dist/js-yaml.js",
        "hashed_secret": "fd8201493aad9512bb25129219813806e68b2c51",
        "is_verified": false,
        "line_number": 852
      }
    ],
    "drone-mcp-template/node_modules/js-yaml/dist/js-yaml.min.js": [
      {
        "type": "Base64 High Entropy String",
        "filename": "drone-mcp-template/node_modules/js-yaml/dist/js-yaml.min.js",
        "hashed_secret": "fd8201493aad9512bb25129219813806e68b2c51",
        "is_verified": false,
        "line_number": 2
      }
    ],
    "drone-mcp-template/node_modules/js-yaml/dist/js-yaml.mjs": [
      {
        "type": "Base64 High Entropy String",
        "filename": "drone-mcp-template/node_modules/js-yaml/dist/js-yaml.mjs",
        "hashed_secret": "fd8201493aad9512bb25129219813806e68b2c51",
        "is_verified": false,
        "line_number": 846
      }
    ],
    "drone-mcp-template/node_modules/js-yaml/lib/type/binary.js": [
      {
        "type": "Base64 High Entropy String",
        "filename": "drone-mcp-template/node_modules/js-yaml/lib/type/binary.js",
        "hashed_secret": "fd8201493aad9512bb25129219813806e68b2c51",
        "is_verified": false,
        "line_number": 10
      }
    ],
    "drone-mcp-template/node_modules/jwa/README.md": [
      {
        "type": "Secret Keyword",
        "filename": "drone-mcp-template/node_modules/jwa/README.md",
        "hashed_secret": "b57ee38df898f6c7fc388db829a5d5f7347853ad",
        "is_verified": false,
        "line_number": 105
      }
    ],
    "drone-mcp-template/node_modules/jwa/index.js": [
      {
        "type": "Secret Keyword",
        "filename": "drone-mcp-template/node_modules/jwa/index.js",
        "hashed_secret": "4d3e51eb81778b7be4563bf6c4a9a9fe0d08d8a8",
        "is_verified": false,
        "line_number": 7
      }
    ],
    "drone-mcp-template/node_modules/jws/package.json": [
      {
        "type": "Hex High Entropy String",
        "filename": "drone-mcp-template/node_modules/jws/package.json",
        "hashed_secret": "716a00f704f5e52cfd29e8dfcfbe4eaf00b1e7bc",
        "is_verified": false,
        "line_number": 25
      }
    ],
    "drone-mcp-template/node_modules/jws/readme.md": [
      {
        "type": "Secret Keyword",
        "filename": "drone-mcp-template/node_modules/jws/readme.md",
        "hashed_secret": "3def872866b78edf52ac627451132bc25006d4e4",
        "is_verified": false,
        "line_number": 64
      },
      {
        "type": "Base64 High Entropy String",
        "filename": "drone-mcp-template/node_modules/jws/readme.md",
        "hashed_secret": "510ac028f7dc3df2626b58af09a19c25ba720ab9",
        "is_verified": false,
        "line_number": 90
      }
    ],
    "drone-mcp-template/node_modules/keyv/README.md": [
      {
        "type": "Basic Auth Credentials",
        "filename": "drone-mcp-template/node_modules/keyv/README.md",
        "hashed_secret": "9d4e1e23bd5b727046a9e3b4b7db57bd8d6ee684",
        "is_verified": false,
        "line_number": 57
      }
    ],
    "drone-mcp-template/node_modules/mocha/lib/utils.js": [
      {
        "type": "Base64 High Entropy String",
        "filename": "drone-mcp-template/node_modules/mocha/lib/utils.js",
        "hashed_secret": "348ac0938761f10a8980384da206e2516ae3d4b5",
        "is_verified": false,
        "line_number": 624
      }
    ],
    "drone-mcp-template/node_modules/mocha/mocha.js": [
      {
        "type": "Base64 High Entropy String",
        "filename": "drone-mcp-template/node_modules/mocha/mocha.js",
        "hashed_secret": "348ac0938761f10a8980384da206e2516ae3d4b5",
        "is_verified": false,
        "line_number": 12349
      }
    ],
    "drone-mcp-template/node_modules/pino/docs/api.md": [
      {
        "type": "Hex High Entropy String",
        "filename": "drone-mcp-template/node_modules/pino/docs/api.md",
        "hashed_secret": "35b62df986d9eea136faadfda77e7066f9d47ff8",
        "is_verified": false,
        "line_number": 259
      }
    ],
    "drone-mcp-template/node_modules/pino/docs/redaction.md": [
      {
        "type": "Secret Keyword",
        "filename": "drone-mcp-template/node_modules/pino/docs/redaction.md",
        "hashed_secret": "137eb9fbc5980f6ffcdfc1637de4c0f3a57250b7",
        "is_verified": false,
        "line_number": 21
      },
      {
        "type": "Secret Keyword",
        "filename": "drone-mcp-template/node_modules/pino/docs/redaction.md",
        "hashed_secret": "bcd0e787f07c5ac9c48e8ba4c27bc42ad8f9a017",
        "is_verified": false,
        "line_number": 22
      }
    ],
    "drone-mcp-template/node_modules/pino/docs/transports.md": [
      {
        "type": "Secret Keyword",
        "filename": "drone-mcp-template/node_modules/pino/docs/transports.md",
        "hashed_secret": "45d676e7c6ab44cf4b8fa366ef2d8fccd3e6d6e6",
        "is_verified": false,
        "line_number": 551
      },
      {
        "type": "Basic Auth Credentials",
        "filename": "drone-mcp-template/node_modules/pino/docs/transports.md",
        "hashed_secret": "35675e68f4b5af7b995d9205ad0fc43842f16450",
        "is_verified": false,
        "line_number": 908
      },
      {
        "type": "Basic Auth Credentials",
        "filename": "drone-mcp-template/node_modules/pino/docs/transports.md",
        "hashed_secret": "5baa61e4c9b93f3f0682250b6cf8331b7ee68fd8",
        "is_verified": false,
        "line_number": 992
      }
    ],
    "drone-mcp-template/node_modules/pino/test/redact.test.js": [
      {
        "type": "Secret Keyword",
        "filename": "drone-mcp-template/node_modules/pino/test/redact.test.js",
        "hashed_secret": "b0c69c0d1c5eeddd25b5d7d85c171ae39b8438a4",
        "is_verified": false,
        "line_number": 836
      }
    ],
    "drone-mcp-template/node_modules/pkce-challenge/README.md": [
      {
        "type": "Base64 High Entropy String",
        "filename": "drone-mcp-template/node_modules/pkce-challenge/README.md",
        "hashed_secret": "6eb5b107c32d9a79e6e719cdf9e52d894d30c3b5",
        "is_verified": false,
        "line_number": 28
      }
    ],
    "drone-mcp-template/node_modules/uri-js/README.md": [
      {
        "type": "Basic Auth Credentials",
        "filename": "drone-mcp-template/node_modules/uri-js/README.md",
        "hashed_secret": "9d4e1e23bd5b727046a9e3b4b7db57bd8d6ee684",
        "is_verified": false,
        "line_number": 12
      }
    ],
    "drone-mcp-template/node_modules/zod-to-json-schema/dist/cjs/parsers/string.js": [
      {
        "type": "Base64 High Entropy String",
        "filename": "drone-mcp-template/node_modules/zod-to-json-schema/dist/cjs/parsers/string.js",
        "hashed_secret": "9f9ea1fb92ac4190b00ac095ad89502304296a61",
        "is_verified": false,
        "line_number": 203
      }
    ],
    "drone-mcp-template/node_modules/zod-to-json-schema/dist/esm/parsers/string.js": [
      {
        "type": "Base64 High Entropy String",
        "filename": "drone-mcp-template/node_modules/zod-to-json-schema/dist/esm/parsers/string.js",
        "hashed_secret": "9f9ea1fb92ac4190b00ac095ad89502304296a61",
        "is_verified": false,
        "line_number": 199
      }
    ]
  },
  "generated_at": "2025-09-29T14:31:19Z"
}
